// Jest Snapshot v1, https://goo.gl/fbAQLP

exports[`<App />  It should render OK 1`] = `
<div>
  <select>
    <option
      value="light"
    >
      light
    </option>
    <option
      value="dark"
    >
      dark
    </option>
  </select>
</div>
`;
